[36mvite v5.4.10 [32mbuilding for production...[36m[39m
transforming...
Browserslist: browsers data (caniuse-lite) is 16 months old. Please run:
  npx update-browserslist-db@latest
  Why you should do it regularly: https://github.com/browserslist/update-db#readme
[32mΓ£ô[39m 137 modules transformed.
x Build failed in 2.59s
error during build:
[vite:esbuild] Transform failed with 1 error:
F:/Techmiya_Ed_Tech/Techmiya-Latest-Website/TechmiyaEd_Tech_tutorials/src/data/shellContent.ts:196:35: ERROR: Unexpected "#PASSWORD"
file: F:/Techmiya_Ed_Tech/Techmiya-Latest-Website/TechmiyaEd_Tech_tutorials/src/data/shellContent.ts:196:35

Unexpected "#PASSWORD"
194|  read -sp "Enter password: " PASSWORD
195|  echo ""
196|  echo "Password accepted (length: ${#PASSWORD})"
   |                                     ^
197|  
198|  # Input with timeout (-t flag)

    at failureErrorWithLog (F:\Techmiya_Ed_Tech\Techmiya-Latest-Website\TechmiyaEd_Tech_tutorials\node_modules\esbuild\lib\main.js:1472:15)
    at F:\Techmiya_Ed_Tech\Techmiya-Latest-Website\TechmiyaEd_Tech_tutorials\node_modules\esbuild\lib\main.js:755:50
    at responseCallbacks.<computed> (F:\Techmiya_Ed_Tech\Techmiya-Latest-Website\TechmiyaEd_Tech_tutorials\node_modules\esbuild\lib\main.js:622:9)
    at handleIncomingPacket (F:\Techmiya_Ed_Tech\Techmiya-Latest-Website\TechmiyaEd_Tech_tutorials\node_modules\esbuild\lib\main.js:677:12)
    at Socket.readFromStdout (F:\Techmiya_Ed_Tech\Techmiya-Latest-Website\TechmiyaEd_Tech_tutorials\node_modules\esbuild\lib\main.js:600:7)
    at Socket.emit (node:events:518:28)
    at addChunk (node:internal/streams/readable:561:12)
    at readableAddChunkPushByteMode (node:internal/streams/readable:512:3)
    at Readable.push (node:internal/streams/readable:392:5)
    at Pipe.onStreamRead (node:internal/stream_base_commons:189:23)
